// Vitest Snapshot v1, https://vitest.dev/guide/snapshot.html

exports[`unit:errors/ERR_INVALID_URL_SCHEME > should build message from parameters (0) 1`] = `"The URL must be of scheme file"`;

exports[`unit:errors/ERR_INVALID_URL_SCHEME > should build message from parameters (1) 1`] = `"The URL must be one of scheme file or node"`;
